// Jest Snapshot v1, https://goo.gl/fbAQLP

exports[`Storyshots Content App 1`] = `
<ul>
  <li>
    <span
      className="num"
    >
      10
    </span>
    <span
      className="name"
    >
      Swedish Krona
    </span>
    <span
      className="point"
    >
      286
      <small>
        P
      </small>
    </span>
    <span
      className="time"
    >
      7/7/2018
    </span>
  </li>
  <li>
    <span
      className="num"
    >
      9
    </span>
    <span
      className="name"
    >
      Quality-focused
    </span>
    <span
      className="point"
    >
      551
      <small>
        P
      </small>
    </span>
    <span
      className="time"
    >
      3/23/2018
    </span>
  </li>
  <li>
    <span
      className="num"
    >
      8
    </span>
    <span
      className="name"
    >
      sensor
    </span>
    <span
      className="point"
    >
      423
      <small>
        P
      </small>
    </span>
    <span
      className="time"
    >
      3/1/2018
    </span>
  </li>
  <li>
    <span
      className="num"
    >
      7
    </span>
    <span
      className="name"
    >
      Administrator
    </span>
    <span
      className="point"
    >
      684
      <small>
        P
      </small>
    </span>
    <span
      className="time"
    >
      5/13/2018
    </span>
  </li>
  <li>
    <span
      className="num"
    >
      6
    </span>
    <span
      className="name"
    >
      Crossing
    </span>
    <span
      className="point"
    >
      392
      <small>
        P
      </small>
    </span>
    <span
      className="time"
    >
      7/18/2018
    </span>
  </li>
  <li>
    <span
      className="num"
    >
      5
    </span>
    <span
      className="name"
    >
      extensible
    </span>
    <span
      className="point"
    >
      729
      <small>
        P
      </small>
    </span>
    <span
      className="time"
    >
      8/15/2018
    </span>
  </li>
  <li>
    <span
      className="num"
    >
      4
    </span>
    <span
      className="name"
    >
      communities
    </span>
    <span
      className="point"
    >
      59
      <small>
        P
      </small>
    </span>
    <span
      className="time"
    >
      4/1/2018
    </span>
  </li>
  <li>
    <span
      className="num"
    >
      3
    </span>
    <span
      className="name"
    >
      engage
    </span>
    <span
      className="point"
    >
      737
      <small>
        P
      </small>
    </span>
    <span
      className="time"
    >
      4/24/2018
    </span>
  </li>
  <li>
    <span
      className="num"
    >
      2
    </span>
    <span
      className="name"
    >
      Table
    </span>
    <span
      className="point"
    >
      175
      <small>
        P
      </small>
    </span>
    <span
      className="time"
    >
      11/10/2018
    </span>
  </li>
  <li>
    <span
      className="num"
    >
      1
    </span>
    <span
      className="name"
    >
      Poland
    </span>
    <span
      className="point"
    >
      531
      <small>
        P
      </small>
    </span>
    <span
      className="time"
    >
      7/8/2018
    </span>
  </li>
</ul>
`;
